[0;32m开始k8s_cross插件集成测试[0m
测试时间: Sun Dec  7 07:58:10 AM CST 2025
Headscale服务器: http://192.168.24.4:8002
测试日志: /home/wold9168/Documents/_WIP/_graduate/code/k8s-cross-cluster/test/logs/integration_test_20251207075810.log
[0;33m检查依赖...[0m
[0;32m依赖检查通过[0m
[0;33m检查Headscale连接...[0m
[0;32mHeadscale连接正常[0m
获取Headscale节点列表:
{"nodes":[{"id":"1", "machineKey":"mkey:23e654bf8368e20ccb618727722d8ebd0d56a689617f63b3b26c193398e0d97c", "nodeKey":"nodekey:0ce6bb8e3893587c009b0db19580d70c3540b2b0143eaeef355305bb342c5925", "discoKey":"discokey:1c58447a4ee2cd00586e6682ba1bed13bdb15b9b7804a79bf4b61afce2754d58", "ipAddresses":["100.64.0.1", "fd7a:115c:a1e0::1"], "name":"toughb", "user":{"id":"1", "name":"default", "createdAt":"2025-12-04T20:13:10.652563605Z", "displayName":"test user", "email":"123@foo.com", "providerId":"", "provider":"", "profilePicUrl":""}, "lastSeen":"2025-12-04T20:53:04.956508354Z", "expiry":"0001-01-01T00:00:00Z", "preAuthKey":{"user":{"id":"1", "name":"default", "createdAt":"2025-12-04T20:13:10.652563605Z", "displayName":"test user", "email":"123@foo.com", "providerId":"", "provider":"", "profilePicUrl":""}, "id":"1", "key":"8d9aebe216fef3d312f23592767e4cdf9fc72bdd9dc2e164", "reusable":true, "ephemeral":false, "used":false, "expiration":"2026-03-04T20:20:53.709Z", "createdAt":"2025-12-04T20:20:53.828742254Z", "aclTags":[]}, "createdAt":"2025-12-04T20:41:09.911169253Z", "registerMethod":"REGISTER_METHOD_AUTH_KEY", "forcedTags":[], "invalidTags":[], "validTags":[], "givenName":"toughb", "online":false, "approvedRoutes":[], "availableRoutes":[], "subnetRoutes":[]}, {"id":"2", "machineKey":"mkey:0e91cfc95b351b174f1644a94ec3b013fa6a0104861bc23a03d5d841bbb99063", "nodeKey":"nodekey:45e5ba9b873929ce2e5e2b1562c2bbde9d83ce934c641054c146ce44e5702609", "discoKey":"discokey:36c36e4132fa9d04449d17eb562e18a7d86d69ca6acbb33565c6d189da837f39", "ipAddresses":["100.64.0.2", "fd7a:115c:a1e0::2"], "name":"3b4ed6240131", "user":{"id":"1", "name":"default", "createdAt":"2025-12-04T20:13:10.652563605Z", "displayName":"test user", "email":"123@foo.com", "providerId":"", "provider":"", "profilePicUrl":""}, "lastSeen":"2025-12-06T23:34:22.961432895Z", "expiry":"0001-01-01T00:00:00Z", "preAuthKey":{"user":{"id":"1", "name":"default", "createdAt":"2025-12-04T20:13:10.652563605Z", "displayName":"test user", "email":"123@foo.com", "providerId":"", "provider":"", "profilePicUrl":""}, "id":"1", "key":"8d9aebe216fef3d312f23592767e4cdf9fc72bdd9dc2e164", "reusable":true, "ephemeral":false, "used":false, "expiration":"2026-03-04T20:20:53.709Z", "createdAt":"2025-12-04T20:20:53.828742254Z", "aclTags":[]}, "createdAt":"2025-12-05T14:18:01.311482958Z", "registerMethod":"REGISTER_METHOD_AUTH_KEY", "forcedTags":[], "invalidTags":[], "validTags":[], "givenName":"3b4ed6240131", "online":true, "approvedRoutes":[], "availableRoutes":[], "subnetRoutes":[]}]}
[0;33m启动CoreDNS...[0m
等待CoreDNS启动...
[0;32mCoreDNS启动成功 (PID: 4192912)[0m
[0;33m执行DNS查询测试...[0m
等待CoreDNS完全启动...
执行A记录查询测试
======================
测试: web-service A记录查询
查询类型: A
查询域名: web-service.default.svc.clusterset.local
时间: Sun Dec  7 07:58:21 AM CST 2025
======================

======================
测试: api-service A记录查询
查询类型: A
查询域名: api-service.production.svc.clusterset.local
时间: Sun Dec  7 07:58:21 AM CST 2025
======================

执行AAAA记录查询测试
======================
测试: web-service AAAA记录查询
查询类型: AAAA
查询域名: web-service.default.svc.clusterset.local
时间: Sun Dec  7 07:58:21 AM CST 2025
======================

======================
测试: api-service AAAA记录查询
查询类型: AAAA
查询域名: api-service.production.svc.clusterset.local
时间: Sun Dec  7 07:58:21 AM CST 2025
======================

执行SRV记录查询测试
======================
测试: web-service SRV记录查询
查询类型: SRV
查询域名: _http._tcp.web-service.default.svc.clusterset.local
时间: Sun Dec  7 07:58:21 AM CST 2025
======================

======================
测试: api-service SRV记录查询
查询类型: SRV
查询域名: _http._tcp.api-service.production.svc.clusterset.local
时间: Sun Dec  7 07:58:21 AM CST 2025
======================

执行TXT记录查询测试
======================
测试: web-service TXT记录查询
查询类型: TXT
查询域名: web-service.default.svc.clusterset.local
时间: Sun Dec  7 07:58:21 AM CST 2025
======================

======================
测试: api-service TXT记录查询
查询类型: TXT
查询域名: api-service.production.svc.clusterset.local
时间: Sun Dec  7 07:58:21 AM CST 2025
======================

验证查询结果
验证: web-service应返回IP 10.0.0.1
❌ 失败: 结果不符合预期模式 '10.0.0.1'
实际结果: 
验证: api-service应返回IP 10.0.0.2
❌ 失败: 结果不符合预期模式 '10.0.0.2'
实际结果: 
测试不存在的服务查询
✅ 通过: 不存在的服务返回空结果（NXDOMAIN）
测试非clusterset.local域的查询
✅ 通过: 非clusterset.local域的查询正确转发到上游DNS
[0;32mDNS查询测试完成[0m
[0;33m=== CoreDNS日志 ===[0m
maxprocs: Leaving GOMAXPROCS=48: CPU quota undefined
.:1053
CoreDNS-1.13.1
linux/amd64, go1.25.2, 1db4568df-dirty
[INFO] 127.0.0.1:32953 - 28709 "A IN web-service.default.svc.clusterset.local. udp 81 false 1232" NXDOMAIN qr,rd,ra 185 0.00267647s
[INFO] 127.0.0.1:34773 - 59669 "A IN api-service.production.svc.clusterset.local. udp 84 false 1232" NXDOMAIN qr,rd,ra 191 0.001097791s
[INFO] 127.0.0.1:59320 - 18699 "AAAA IN web-service.default.svc.clusterset.local. udp 81 false 1232" NXDOMAIN qr,rd,ra 185 0.000831064s
[INFO] 127.0.0.1:35313 - 22245 "AAAA IN api-service.production.svc.clusterset.local. udp 84 false 1232" NXDOMAIN qr,rd,ra 191 0.000690661s
[INFO] 127.0.0.1:43959 - 32598 "SRV IN _http._tcp.web-service.default.svc.clusterset.local. udp 92 false 1232" NXDOMAIN qr,rd,ra 155 0.001075949s
[INFO] 127.0.0.1:41340 - 33408 "SRV IN _http._tcp.api-service.production.svc.clusterset.local. udp 95 false 1232" NXDOMAIN qr,rd,ra 158 0.000979044s
[INFO] 127.0.0.1:34836 - 6755 "TXT IN web-service.default.svc.clusterset.local. udp 81 false 1232" NXDOMAIN qr,rd,ra 185 0.00077372s
[INFO] 127.0.0.1:40744 - 32132 "TXT IN api-service.production.svc.clusterset.local. udp 84 false 1232" NXDOMAIN qr,rd,ra 191 0.000898415s
[INFO] 127.0.0.1:41171 - 12418 "A IN web-service.default.svc.clusterset.local. udp 81 false 1232" NXDOMAIN qr,rd,ra 185 0.000789806s
[INFO] 127.0.0.1:36606 - 10524 "A IN api-service.production.svc.clusterset.local. udp 84 false 1232" NXDOMAIN qr,rd,ra 191 0.000796315s
[INFO] 127.0.0.1:45090 - 31748 "A IN nonexistent-service.default.svc.clusterset.local. udp 89 false 1232" NXDOMAIN qr,rd,ra 201 0.001577181s
[INFO] 127.0.0.1:50003 - 3076 "A IN google.com. udp 51 false 1232" NOERROR qr,rd,ra 117 0.001006579s
[0;32m集成测试完成[0m
完整测试日志: /home/wold9168/Documents/_WIP/_graduate/code/k8s-cross-cluster/test/logs/integration_test_20251207075810.log
[0;33m清理测试环境...[0m
停止CoreDNS (PID: 4192912)
[0;32m清理完成[0m
